================================================================================
endpoint=/process file=a372d71f-a191-428d-b69d-49717375d985.pdf pipeline=invoice_pt_simon.json
Traceback (most recent call last):
  File "/app/processor.py", line 271, in process_pdf_from_pipeline_config
    run(cmd)
  File "/app/processor.py", line 36, in run
    raise RuntimeError(f"Command failed ({proc.returncode}): {cmd[0]}")
RuntimeError: Command failed (2): /usr/local/bin/python3.11

During handling of the above exception, another exception occurred:

Traceback (most recent call last):
  File "/app/main.py", line 123, in process_single_pdf
    processed_data = process_pdf_from_pipeline_config(pdf_bytes, doc_id, pipeline, include_refs=False)
                     ^^^^^^^^^^^^^^^^^^^^^^^^^^^^^^^^^^^^^^^^^^^^^^^^^^^^^^^^^^^^^^^^^^^^^^^^^^^^^^^^^
  File "/app/processor.py", line 283, in process_pdf_from_pipeline_config
    raise RuntimeError(f"Processing failed: {e}")
RuntimeError: Processing failed: Command failed (2): /usr/local/bin/python3.11

================================================================================
endpoint=/process file=30a655d2-7ccc-4740-ab7e-94491d264418.pdf pipeline=invoice_pt_simon.json
Traceback (most recent call last):
  File "/app/processor.py", line 271, in process_pdf_from_pipeline_config
    run(cmd)
  File "/app/processor.py", line 36, in run
    raise RuntimeError(f"Command failed ({proc.returncode}): {cmd[0]}")
RuntimeError: Command failed (2): /usr/local/bin/python3.11

During handling of the above exception, another exception occurred:

Traceback (most recent call last):
  File "/app/main.py", line 123, in process_single_pdf
    processed_data = process_pdf_from_pipeline_config(pdf_bytes, doc_id, pipeline, include_refs=False)
                     ^^^^^^^^^^^^^^^^^^^^^^^^^^^^^^^^^^^^^^^^^^^^^^^^^^^^^^^^^^^^^^^^^^^^^^^^^^^^^^^^^
  File "/app/processor.py", line 283, in process_pdf_from_pipeline_config
    raise RuntimeError(f"Processing failed: {e}")
RuntimeError: Processing failed: Command failed (2): /usr/local/bin/python3.11

================================================================================
endpoint=/process file=960b98f8-1245-4b29-85b5-78fb77affe38.pdf pipeline=invoice_pt_simon.json
Traceback (most recent call last):
  File "/app/processor.py", line 271, in process_pdf_from_pipeline_config
    run(cmd)
  File "/app/processor.py", line 36, in run
    raise RuntimeError(f"Command failed ({proc.returncode}): {cmd[0]}")
RuntimeError: Command failed (2): /usr/local/bin/python3.11

During handling of the above exception, another exception occurred:

Traceback (most recent call last):
  File "/app/main.py", line 123, in process_single_pdf
    processed_data = process_pdf_from_pipeline_config(pdf_bytes, doc_id, pipeline, include_refs=False)
                     ^^^^^^^^^^^^^^^^^^^^^^^^^^^^^^^^^^^^^^^^^^^^^^^^^^^^^^^^^^^^^^^^^^^^^^^^^^^^^^^^^
  File "/app/processor.py", line 283, in process_pdf_from_pipeline_config
    raise RuntimeError(f"Processing failed: {e}")
RuntimeError: Processing failed: Command failed (2): /usr/local/bin/python3.11

